this is a test module for 3-say_my_name

>>> say_my_name = __import__('3-say_my_name').say_my_name

>>> say_my_name('ethan', 'wakeford')
My name is ethan wakeford

>>> say_my_name(3, 'sadf')
Traceback (most recent call last):
TypeError: first_name must be a string

>>> say_my_name('hello', 5)
Traceback (most recent call last):
TypeError: last_name must be a string

>>> say_my_name()
Traceback (most recent call last):
TypeError: say_my_name() missing 1 required positional argument: 'first_name'
